{
  "header": {
    "signature": "iVBORw0KGgo="
  },
  "chunks": [
    {
      "size": 13,
      "chunk_type": "IHDR",
      "data": "AAAAIAAAACACAAAAAA==",
      "crc": 480329097
    },
    {
      "size": 4,
      "chunk_type": "gAMA",
      "data": "AAGGoA==",
      "crc": 837326431
    },
    {
      "size": 31,
      "chunk_type": "IDAT",
      "data": "eJxjYAhd9R+M8TCIUMIAU4aPATMJH2OQuQcAvUl/gQ==",
      "crc": 2332658089
    },
    {
      "size": 0,
      "chunk_type": "IEND",
      "crc": 2923585666
    }
  ]
}