{
  "header": {
    "signature": "iVBORw0KGgo="
  },
  "chunks": [
    {
      "size": 13,
      "chunk_type": "IHDR",
      "data": "AAAAIAAAACAIBgAAAA==",
      "crc": 1937406708
    },
    {
      "size": 4,
      "chunk_type": "gAMA",
      "data": "AAGGoA==",
      "crc": 837326431
    },
    {
      "size": 111,
      "chunk_type": "IDAT",
      "data": "eJzt1jEKgDAMRuEnZGhPofc/VQSPIcTdxUV4HVLoUCj8H00o2YoBMF57fpz/ujODHXUFRwPKBqj5DVigB041HiJ9gFyCVOMbsEIPXNwuAHkgiJL/4qABNqB7QAeUPBAE2QAZUDZAfwEb8ABSIBqc",
      "crc": 370128972
    },
    {
      "size": 0,
      "chunk_type": "IEND",
      "crc": 2923585666
    }
  ]
}