{
  "header": {
    "signature": "iVBORw0KGgo="
  },
  "chunks": [
    {
      "size": 13,
      "chunk_type": "IHDR",
      "data": "AAAAIAAAACAIAgAAAA==",
      "crc": 4229492131
    },
    {
      "size": 4,
      "chunk_type": "gAMA",
      "data": "AAGGoA==",
      "crc": 837326431
    },
    {
      "size": 72,
      "chunk_type": "IDAT",
      "data": "eJzt1cEJADAMAkCF7JH9t3ITO0Qr9KH4zuErtA0EO4AKFPgcoO3kfUx4QIECD0qHH8KEBxQo8KB0OCOpQIG7cHejwAGCsfle",
      "crc": 255905611
    },
    {
      "size": 0,
      "chunk_type": "IEND",
      "crc": 2923585666
    }
  ]
}