{
  "header": {
    "signature": "iVBORw0KGgo="
  },
  "chunks": [
    {
      "size": 13,
      "chunk_type": "IHDR",
      "data": "AAAAIAAAACAQBgAAAA==",
      "crc": 602580663
    },
    {
      "size": 4,
      "chunk_type": "gAMA",
      "data": "AAGGoA==",
      "crc": 837326431
    },
    {
      "size": 3362,
      "chunk_type": "IDAT",
      "data": "eJzdmV9sHNd1xn/zj7NLck0u5VqOSwSgrIcEkQDKtNvYxlKJAstNEIgWIFkuUtQyWsCQW8mKlAJecf1iLLUGWsmKDCgwUMByigC25UKh0SaIXNMpiSiJHZoERAN+kEQ0lR1LkLhLL8nd4fzrwzl3qVVVNI9BHhbfzp07d+537r3nfOeMlaZpCtB8FwCaE+3YmLh9+x/LfStNG/8hfzPfgN6x5iZ98P/B5ubfr98fWn/TD5rvZrbVRt01W/AsQGYuMwf5clqWxnRMMDH4N4LxccFI28O/F3T12tHnnW8JWj9U1PvsUjTv2aL41zr+TxT1fvT0Le97RPGQYPBrRb3fHFU013/ZIr4pc6FaguZIZhxuMkCqNhLq2VK2BL3ldFiJTynerxM7rBPSdm9SJ6SjuM8I2nrf1vvWvYpP6du0PTXj36P4RPv4kRm/T3FECU+1YzOr+KhgY8oQb5Szo7USNDdl5gCCCX8buGunJDmmU1GbCfXO4c5hyJfTfu31VTWArmD0r4rzOrFP1AC2oPNFNcBDSvwLOp8HFHUnpfp8ohj/VsdNdNw/FVz9MyX8J4rPKuHLSlOfX5k3xFcmOwvVEjTHMqMAzdHMGEDwqv9U2w5IdO1am11tJ9S7NnRtgN5yuqh3/0snWteJXtGJfqQTm1FD/LsaYlYNoe2WYqrtiV7HipHBh5W4XgerSvi6Eo6V5oLgcov48uWugVoJGlPZAqwZINjgXwZYnejY1maAeJ9ORU+52exmzYV695buLZAvpz/Vu6d1ohU1gK5EcF7Q03ZH0VaXy48Uv6Pj6P34Ax1Hr1cVAzV88w0lrO3LvxNcmjXEl2a6B6slWFno7ANoTmaGAYLf+PcDBL/2/xwg/IG3r90ApxR1U5pTbja7WXOhnjuSOwK95eTv1AA6wXDrLRP+J0FXr+29gtb7OpoeheRVHUfPcHj4lnH+Qonr9fK/CNY/N8TrR3PFWgmW7+76DKARZx2AYMovAATH/MMA4WbvAkD4Je/jNh8QbVfUI9ByP3rKzWY3ay7Ue3p6eiBfTvSsRpHgqtmqDUHPE3QcNYClBkh1dN3KYajEA8GGPr+8rDR1Fost4ouLPXdUS7Bc6SoCrOztPA3QzGXqNxsgHPHGAcJN3hxAeM7b3rYDIvUBJqAZv27cmznlZrObNRfq+Xw+D73l5EkdRb10U3FF0VW0dqoBduhoxqvr8w29XlJcVKyOGOLVar63VoJ6PZcDWKl0FgGab2T2AAT9/hWA1cmOYYBwzBsFiH7ufg0gmnDbfYBjApiJtMYg6teNezOn3Gx2s+ZCfd3b696GfDk6p4ReVAPoynlK0Nb7iXr18DUl/leC9ecEa9rvRov4jR3rxqslWDzRcxBgebmrC6BZyRQBgkW/B2B1taMDIAw8HyCaczcBRE+7rwDEE067AWxdCyNhTCQ3Ac34dePezOk0m92suVBfv339dugth3NqAPXStf/Ut9zicZpNJa5xfuFTwavvGOJXz61/pFaC2kjvOMBStTsP0GhkswDBUf8IwOpDHecBoofdXwBEl9x7AaJT7j6AuMf5HCD5Z/tv23yArafYaDcjYUwkNwHN+HXj3swpN5vdrLlQ7z/Ufwjy5aYepKoqPrdXzVUTNF78+lnBKy8Z4leO93+3WoKFT/vuAag/l3sRoDGTHQQIAt8HCCteESB8wXseIJp3BwDi3wqD5An7dYD4J8IwmbBv2QH7BY1oNdrNSBgTyU1AM37duDdzys1mN2su1De+vPFl6C0vTkvrfz+m5lLC1+4QvHjAEL+4f+PJWgmun71zJ0C9L7cA0Phl9kGA4Fn/BEAYygyiilsEiD9wHgCIv+x8DJCctx8ESMbsUYB0s3UBIHnZ3t9mAEvPvFHrLdGq2s1IGBPJTUAzft24N3PKzWY3ay7Uh4aGhiBfvnxJ71YFpz80xKenh+6rluDagbtOAiwVuicBmlszkwDha/KGqOrmAeJYZpB83z4IkKyzbwAkX7V/BZBOWcMA6SVhlG6y5gDSCat9B/BNRY37Rq0b0Wq0m5EwJpKbgGb8unFv5pSbzW7WXKjvfnz349BbfnyPIX7mzd27aiWoVvN5gODH/k6AqCYjxIGTAUhG7HGA9Kz1GECaygzSilUE4Dsyw3TeGgBgigJA+qoyeksZ/pRvtvkAVNu18jM9Ai21brSWajcjYUwkNwHN+PVWvqin3Gx2s+Zr1GWE3bvOvAmQz0sP/0BwUgwoIzin4mcA7HJSArAeS88CWJY8bx1NjwAwyyCAVUnFIJMMA1hPpSK2dvEWAP/AP94+GzSJqckFTJqiO8CIVqPdjIQxkdwENOPXjXszp1w2+5k3YfeuWmn3Lvl/5q0zb+1+HGDovulpgLveu7YNoHtwaQYgM9ncCuA9KW9wq1EewHFkBnYlKQLYM8kWAHs+GQCwptICgDWWjgJYYeoBWBNp+xFIjDTRjLyVmJr8zKQrqtZbotVoNyNhTCTXgGb8uri36WkYuq9aqlYhn5dftQpD98m96Q+nPxwaAth48uJ+gDt3ygi5BRkxW2/kAPwTkgl6nszArURFAOcBmaEzHw8A2JNJAcB+XVJs64fC0H4lebrdAForMaUIk5G3ElM1gElTWmrdiFbdAUbCmEguAe3ifth4sla6dgDuOgnBj8HfCf4BCE7CXe/BtW2w8aT0vXjg4oGNLwM05zMDAH33yIi5F+UN2cHGDIDvywy8Y+H3ALznwxcA3MvRBgAnit2bDeBsji8A2Elit9cDDiphU4MxuYBR+SYxvSU/M2rdiFaj3UTCXDkO/d+tlq6fhTt3wlIBuifFM7i98otq0D0ISzPS5/pZCZ6ZAbjy0pWX+g8BhI945wCCEX8coHt2aRAgm5UZ+JWgCNAxu7oFwJ2PBgBcWxi4+6JTAM6meA7APpEcbM8G1Qe0ik+mBmNKEUYJ3pKfmTTFqHURrVfPwfpHaqWFT6HvHjkQuQVoboXMJMQBOBmJFfEz0tbcKn3qffLMwqdS+vLOwdV3rr6zfjtANO7uAAjf874Oa5I3c7R5BMDvkRl2fLT6FQDvE2HgjkUlAPcVYehMxO0+IPq2oskF9Ay3ajAmvzMZuRrC5GeSptzYAevGq6XaCPSOy4HIvQiNX0L2QXGR3pOQjIA9DnYZkpK0ha9Btg6NnDxTfw6CEfDHIRoHdwfcGLkxsu5tgKTXrgJEkevCTUpwj/cGgH8l6AfoeF8YeOMi1t2vRT8HcP8t+nabAUI9u61yo5G2WnwyNZhWKUIzcklMq1XI99ZKiyeg5yAsVaE7D40ZyA5K6co/AVEV3DykZ8F6TH7pWXCrEOWlT/CsPNOYge5ZWBqE8D3wvg5JL9hVqNaqNdELSWLbsKYEo9PuXoCo7uYAokl3+GYDeL8LvwDgHQqPt/mA8EuKps5qyo1adTPFJ1ODkVLE4iL03FEt1euQy8mB6OoSz5DNiov0fYkVnidB03Ek9luW/NJU2uJY+oShPBMEMkajISlXR4fknq4rSbhtw+Lni5/39AAkFbsIkHxm3w0QO04MEE25BQD/cHAMIDruHoLbpMPhbiVsCsymzqrpr9H2EtfrRyFXrJWWK9BVlH3RWYRmBTJFCI6Cf0RihleUKoJbhOT7YB+EtAJWEayjkB4BuwJJEdwKREXwjkH4PfArEBQhcxSatxuvAnYR6pV6JXcEIB0UzZr02QsA8ZRTAIjLTgnA3xxcAIj3OT9oM8CqOsFWZV3jvKmzSrlxaQa6B6ul5buh6zNY2Qudp8UzZPaIi/R7YPUh6DgP4QvgPS/qwXkAknVg30D05I+AWWBQMo1ki/SJP5BnwhegYxZWt8iYwSKEe8B7A6LT4O6F5DOw74Z0UMT60uzSbPcWgHTAugyQTNrDAMnP7EcBkk32HNymHhBoXG99UtDKuhSYly9D10CttLIAnX1yILIONHOQqUPQD/6Vm7bqw+D+QupJ7gDEXwbnYymx2r8SfWkNgFWBtAj2PCQD4MxDPADuZYg2gDsP0QB0fASrX5F3BP0Q1cHNQeyAE0PSB/YCpANgXYbl+eX5rg0A6ZRVaDOAZoXJMftwmw8ItOhpvqXIJ4WVSegsVEuNKcgWoDkJmWE5IH5hDVcnoWMYwgA8H6JL4N4rMsr5IiTnwX5QBLY1DEwBBWASGAZrCtKCJOFJAZwIYlfKMVEC3icSkDvel7gUTYI7LGrFLUA8BU4Bkkmwh/U9BViZWpnqlGxwzJJ0WLPB/1UPMAUN+YjUKEN2tFZqjkFmVMySGYXgN+DfD8Ex8A9LrPDGIRwDbxSiOXA3QXQK3H2iJ+3X5WuDPQrpJUm001cl37Se0v9jkI5q3yfW0N2nY41BVNJ3jayhf1jmEpfBKUHyM7AfXcN0DKxRaIw1xrIlgPSCJP7puDUCVppmtinxCfNxNHNBPiZm5/5vbG7+/fr9ofVvbgb5NJbZ1ny3NmqZZLb5LmS2iRluxsYEZG/T/kdx/xvwP2XY7MM=",
      "crc": 2916857331
    },
    {
      "size": 0,
      "chunk_type": "IEND",
      "crc": 2923585666
    }
  ]
}