{
  "header": {
    "signature": "iVBORw0KGgo="
  },
  "chunks": [
    {
      "size": 13,
      "chunk_type": "IHDR",
      "data": "AAAAIAAAACAEAwAAAA==",
      "crc": 2169792455
    },
    {
      "size": 4,
      "chunk_type": "gAMA",
      "data": "AAGGoA==",
      "crc": 837326431
    },
    {
      "size": 3,
      "chunk_type": "sBIT",
      "data": "BAQE",
      "crc": 2012788131
    },
    {
      "size": 45,
      "chunk_type": "PLTE",
      "data": "IgD/AP//iAD/Iv8AAJn//2YA3QD/d/8A/wAAAP+Z3f8A/wC7/7sAAET/AP9E",
      "crc": 3534768573
    },
    {
      "size": 71,
      "chunk_type": "IDAT",
      "data": "eJxj6OgIDT1zZtWq8nJj43fvZs5kIEMAlSsoSI4AKtfFhRwBVO7du+QIoHEZyBFA5SopkSOAyk1LI0cAlbt7NxkCAODE6tE=",
      "crc": 260179325
    },
    {
      "size": 0,
      "chunk_type": "IEND",
      "crc": 2923585666
    }
  ]
}