{
  "header": {
    "signature": "iVBORw0KGgo="
  },
  "chunks": [
    {
      "size": 13,
      "chunk_type": "IHDR",
      "data": "AAAAIAAAACAQBAAAAA==",
      "crc": 2313383484
    },
    {
      "size": 4,
      "chunk_type": "gAMA",
      "data": "AAGGoA==",
      "crc": 837326431
    },
    {
      "size": 2133,
      "chunk_type": "IDAT",
      "data": "eJzFl19oW+cZxn+Wj6SjY+v4SHVSR1SunSg4hRIaukK6LRexvY5Q0i4lNBK7yOTQQmlLYYl3EZ2LXUi+mJOL0PSiyZAWWLAaAoNmJYUkpozSeoTS4pVtoWnqSq3iGVdHke1j/TmWd/F+GaF01zUYmU/H0vs+7/M+z/MBYGVhWIc9p2DUghfOwrEBOP5HyA7B2T/DxV3w3mX46An451/h7l5Yvy6/d/fK2UdPyDMXd8n/ZIfkM44NyGeOWvIdw7p8J4BmZaFmW7muGfAVobsCWhECuyFwCPQmhN6G5nVoF8HTYGMEOs8Cb8iHdJJy5mnQXpBnmylYnwT3EKxdglUD6hWop6BWgFoKrGwt0zWsQ61g5ZxUJBt14SEXHlr/P68/cAbwnQHfhb73+kNn6rVqQGTGsa10LaNZWem8y4WqYWV9J6E7A/7TEMiAfhJCGejJQDMD7Qx4J6GTgc2MQiAHXg7aU9DMQSMHbg7WcrAyBfUc1HLg5KA6BVG3ZkdSYGZBi2QFdp8LvpOwPBXJ+uZAGwP/l6BfhNAi9IxBw4PWh+Cdho3DsPmIFLBxWM5aH8oz7lOw9jqs3IB7x8DZAtWDsDwL/ScdO+JC3wyYMcUBrQjaL6Rz3xwszVpZ36Og7YNgDPS9YByBcBoaZ6E9ARv9sPkTVcA8tK9AIw/rv4PVAtTXoPYvqLZg+TYszcLW0ZodzYBVBfNd6L2PQGA3+H8msGtj4HsUFguRrO8M+D+A4AoYJQifgPU6NN8CbwU2r0oB3oicrfth9QTUS+C8AMtHYcmExQIMpB27PwGRDJivQLgIPfMKgcAhCJRl5v4vpXPfGaiYVlaLQ3AQjEEID4I1CI1BaO+BzqAU0C5BowRrJaj/HZwSLJfgPyWolCFWr9lbP4NoAPp2QPhb6JkB4y8KAb0J+h4hnH5RYPd/AFocSuVIVtNA16G3FywLXBdaLeh0pIBWS87qdahWYWkJKhUolWEw7tgP16F/AqwKhH8NPWkwihCaVgiE3obQLmF7aFFmHlyRzjUN7nxlZf37wTgK1gRsOQaNUej8Rgpo5GFlFqoFWMxDOQ93bsD24Zodi0H/CkTSYM7JNhlfQqgIwfscaF4H41N5s2dMCGeUBHZdB/9+uJWPZIOPQV8NtmwDdxS8U1KAOwrVSbhbg4WP4VYeRiYcO/41bN0KkTqYE9DbA0YG9CQEZyA4rhBoF6EVlz1veML28AmZeW+vdB58DOYnraxRhv4yPGpD+3MpoGZDJQ5ffALzcdg9XbOHnoaBCxCNgrkCvWkI/QH0ZyD4DwgUwX8fAU+D9msiMq0PZdXW60I4yxLY+2pglGEuHslGEjCcgEZCCli8Bv++DXO3YW/ZsXc+CdssiKbBNKGnDqE06GMQ+Dn4nwd/ETRPIbAxAhvXROG807LnzbeE7a4rM9+yTTqPJODqbSsb3w8/PSoFfH4Orr4PBxI1e1cZYqcgehfCQ2AYoH8HwVfBfxC046DdhO4Z6L6lEOg8Cx1D5HXjsIiMtyKr1moJ4dxRgX04AfH9cO58JDs+LgWcOw8vv+TYj5dhoAzWNBizoC9AIAD+BdDS0L1bid0vRf597ykEeAM2k6Ltm4+Iwm1elT3vdITt3imZeSMhnY+Pw4tHxFQvvVOzt2+HvgugfwP+U6BNgO9P4POBrw5dE9DVB10j0PU36CoCZ8DHj/yj1Wzx844hrrZxWLTdGxGFa7Vkz91RYfviNZn5ufPSOcCLR+Dll+DxMgzsA+uEGsEdNQITtLwawWU1giT4bNAc+wES5hQJrygSloSEK7Oy55W4sP3q+zLz7duli5dfkoIOJGBXHGKTEM0/QMIwBAuKhDlFwuege49C4H9rOKXWMC/GslZS8loQkfniE1m1A4ma/XhZZg7S+YEEXL0NThx2/up7a7gNQnnQX4NAU61hSq2hY0uMaoVUmPCUpZ4QY6lWRV4XPhaR2Vt27F2K7fo3UsDAPuncicNcHNxpuPegEI1A7ykI3QBdU0KUBP+QQqB5HZqfqiTzlPLzkrja0pJo+628KNzOJ2XPrWlhO8jMY5PSuTsN85PQnAD3a1hdhUgYzAL0vgPGTSXFSSXFjq0C5O9VjHpdwoTzglhqpSLGMjLh2ENPK2jvCsm0CSnAmJWZb7Ok8+aEFNwehkYDXBPcvDKjN5UZpSBoKwTWJ8ENqQx3Q5LM8lHx81JZXC3+tYI0LeTSF2TPQdgeHpL3Bi5I5+1huPMVeB40w9AsQKMC4Zyy4ySE7m+BewjWyhIg7x2TGLVkSpgYjDt2LCauFo0KqQxD1sunVCQQkDPTlGdWV6Vzz5MGPBPaeWgGoLEDGt9CIwlGUCGwdglW3pT06myRDLdYkCTzcF35eV1cracu2u5fEIUD2XM9LGw3R2TmrimdeyZUTOikwUso530FWilozSsEVg2oGxKdqwclQA6kHXvrZ5JkImnl52lxteCrou1digNaXvY8lBe2mwWZebMgnXfS0lBnFLwr0K5COwmt5xQC9QrccyW3L6v02p+QDGdVhDy9PcrPx0RQuneLtoP87T8oex66IWw352TmzYB03hmVxjo52PgteEnwYgqBegqcGbk09J907GhG0mvfDpXhMirJPCN+rh0XV+saUQVcFoULNGXPjZvC9nBOZt4uSuedHCxPQceGTgo2bPjxr2aOLRfFyIxjR1LqxvKuyu0zKr0WJcMFipJkutVFtqsoBfiSou3+lChcMCl7biSF7a2UzNxLSuebM+CkYDOrOGBlaxkrLXc1MyY3lp55ye2haUmvwXGV4TxJMr73gDOqAFsZiyfyGhwXkQnZsmqteSGcFxPYO2n58poN/wUgAscP",
      "crc": 3286346869
    },
    {
      "size": 0,
      "chunk_type": "IEND",
      "crc": 2923585666
    }
  ]
}