{
  "header": {
    "signature": "iVBORw0KGgo="
  },
  "chunks": [
    {
      "size": 13,
      "chunk_type": "IHDR",
      "data": "AAAAIAAAACACAwAAAA==",
      "crc": 236229223
    },
    {
      "size": 4,
      "chunk_type": "gAMA",
      "data": "AAGGoA==",
      "crc": 837326431
    },
    {
      "size": 3,
      "chunk_type": "sBIT",
      "data": "AQEB",
      "crc": 2083420034
    },
    {
      "size": 12,
      "chunk_type": "PLTE",
      "data": "AP8A/wAA//8AAAD/",
      "crc": 1698638778
    },
    {
      "size": 34,
      "chunk_type": "IDAT",
      "data": "eJxj+B+6igGEGfAw8MnBGKugLHwMqNL/+BiDzD0AvUl/gQ==",
      "crc": 3934883355
    },
    {
      "size": 0,
      "chunk_type": "IEND",
      "crc": 2923585666
    }
  ]
}