{
  "header": {
    "signature": "iVBORw0KGgo="
  },
  "chunks": [
    {
      "size": 13,
      "chunk_type": "IHDR",
      "data": "AAAAIAAAACAQAgAAAA==",
      "crc": 2894606816
    },
    {
      "size": 4,
      "chunk_type": "gAMA",
      "data": "AAGGoA==",
      "crc": 837326431
    },
    {
      "size": 229,
      "chunk_type": "IDAT",
      "data": "eJzVlsEKgzAQRKfgQX/Lfrf9rfaWHgYDkoYmZpPMehiGReQ91qCPEEIAPi/gmu9kcnN+GD0nM1/O4vNad7cC6850KHCiM5fz7fJwXdEBYPOygV/o7PICeXSmsMA/dKbkGShD51xsAzXo7DIC9ehMAYG76MypZ6ANnfNJG7BAZx8uYIfOHChgjR4F+MfuDx0AtmfnDfREZ+8m0B+9m8Ao9Chg9x0Yi877jTYwA529WWAeerPAbPQoUH8GNNA5r9yAEjp7sYAeerGAKnoUyJ8BbXTOMxvwgM6eCPhBTwS8oTO/5kL+Xg==",
      "crc": 129746156
    },
    {
      "size": 0,
      "chunk_type": "IEND",
      "crc": 2923585666
    }
  ]
}