{
  "header": {
    "signature": "iVBORw0KGgo="
  },
  "chunks": [
    {
      "size": 13,
      "chunk_type": "IHDR",
      "data": "AAAAIAAAACAIBAAAAA==",
      "crc": 3648238207
    },
    {
      "size": 4,
      "chunk_type": "gAMA",
      "data": "AAGGoA==",
      "crc": 837326431
    },
    {
      "size": 53,
      "chunk_type": "IDAT",
      "data": "eJxj/M/AwAGFnGg0MSKcLN8ZKAMsP4a+AaNhMBoGVDFgNBBHw4AqBowG4mgYUMMAAN8qIH0=",
      "crc": 3303769544
    },
    {
      "size": 0,
      "chunk_type": "IEND",
      "crc": 2923585666
    }
  ]
}