{
  "header": {
    "signature": "iVBORw0KGgo="
  },
  "chunks": [
    {
      "size": 13,
      "chunk_type": "IHDR",
      "data": "AAAAIAAAACAEAAAAAA==",
      "crc": 2481047593
    },
    {
      "size": 4,
      "chunk_type": "gAMA",
      "data": "AAGGoA==",
      "crc": 837326431
    },
    {
      "size": 72,
      "chunk_type": "IDAT",
      "data": "eJxjYGAQFFRSMjZ2cQkNTUsrL2cgQwCV29FBjgAqd+ZMcgRQuatWkSOAyt29mxwBVO6ZM+QIoHLv3iVHAJX77h0ZAgAfFO4B",
      "crc": 3942597114
    },
    {
      "size": 0,
      "chunk_type": "IEND",
      "crc": 2923585666
    }
  ]
}